{
    "Single-End Data": {
        "content": [
            {
                "0": [
                    [
                        "testSample_101",
                        {
                            "sampleID": "testSample_101",
                            "sex": "M",
                            "generation": 40
                        },
                        [
                            "mm10_WGS_sample_R2.fastq.gz:md5,aaec29ae935950d67a1cacacb6b9f4b1"
                        ]
                    ],
                    [
                        "testSample_42",
                        {
                            "sampleID": "testSample_42",
                            "sex": "M",
                            "generation": 40
                        },
                        [
                            "mm10_WGS_sample_R1.fastq.gz:md5,80928ec4a7147e344ae6101321edb877"
                        ]
                    ]
                ],
                "read_meta_ch": [
                    [
                        "testSample_101",
                        {
                            "sampleID": "testSample_101",
                            "sex": "M",
                            "generation": 40
                        },
                        [
                            "mm10_WGS_sample_R2.fastq.gz:md5,aaec29ae935950d67a1cacacb6b9f4b1"
                        ]
                    ],
                    [
                        "testSample_42",
                        {
                            "sampleID": "testSample_42",
                            "sex": "M",
                            "generation": 40
                        },
                        [
                            "mm10_WGS_sample_R1.fastq.gz:md5,80928ec4a7147e344ae6101321edb877"
                        ]
                    ]
                ]
            }
        ],
        "meta": {
            "nf-test": "0.8.4",
            "nextflow": "24.10.5"
        },
        "timestamp": "2025-03-13T10:13:31.077192109"
    },
    "Paired-End Data": {
        "content": [
            {
                "0": [
                    [
                        "testSample_101",
                        {
                            "sampleID": "testSample_101",
                            "sex": "M",
                            "generation": 40
                        },
                        [
                            "hg38_WGS_sample_R1.fastq.gz:md5,221ea2c6a58f204537970c14d4c20635",
                            "hg38_WGS_sample_R2.fastq.gz:md5,d4535a795ebc91f7782032d533067a1b"
                        ]
                    ],
                    [
                        "testSample_42",
                        {
                            "sampleID": "testSample_42",
                            "sex": "M",
                            "generation": 40
                        },
                        [
                            "mm10_WGS_sample_R1.fastq.gz:md5,80928ec4a7147e344ae6101321edb877",
                            "mm10_WGS_sample_R2.fastq.gz:md5,aaec29ae935950d67a1cacacb6b9f4b1"
                        ]
                    ]
                ],
                "read_meta_ch": [
                    [
                        "testSample_101",
                        {
                            "sampleID": "testSample_101",
                            "sex": "M",
                            "generation": 40
                        },
                        [
                            "hg38_WGS_sample_R1.fastq.gz:md5,221ea2c6a58f204537970c14d4c20635",
                            "hg38_WGS_sample_R2.fastq.gz:md5,d4535a795ebc91f7782032d533067a1b"
                        ]
                    ],
                    [
                        "testSample_42",
                        {
                            "sampleID": "testSample_42",
                            "sex": "M",
                            "generation": 40
                        },
                        [
                            "mm10_WGS_sample_R1.fastq.gz:md5,80928ec4a7147e344ae6101321edb877",
                            "mm10_WGS_sample_R2.fastq.gz:md5,aaec29ae935950d67a1cacacb6b9f4b1"
                        ]
                    ]
                ]
            }
        ],
        "meta": {
            "nf-test": "0.8.4",
            "nextflow": "24.10.5"
        },
        "timestamp": "2025-03-13T10:13:14.936868523"
    }
}