{
    "Single-End Data": {
        "content": [
            {
                "0": [
                    [
                        "testSample_101",
                        {
                            "sampleID": "testSample_101"
                        },
                        [
                            "https://raw.githubusercontent.com/TheJacksonLaboratory/cs-nf-test/main/wgs/mouse/mm10_WGS_sample_R2.fastq.gz"
                        ]
                    ],
                    [
                        "testSample_42",
                        {
                            "sampleID": "testSample_42"
                        },
                        [
                            "https://raw.githubusercontent.com/TheJacksonLaboratory/cs-nf-test/main/wgs/mouse/mm10_WGS_sample_R1.fastq.gz"
                        ]
                    ]
                ],
                "read_meta_ch": [
                    [
                        "testSample_101",
                        {
                            "sampleID": "testSample_101"
                        },
                        [
                            "https://raw.githubusercontent.com/TheJacksonLaboratory/cs-nf-test/main/wgs/mouse/mm10_WGS_sample_R2.fastq.gz"
                        ]
                    ],
                    [
                        "testSample_42",
                        {
                            "sampleID": "testSample_42"
                        },
                        [
                            "https://raw.githubusercontent.com/TheJacksonLaboratory/cs-nf-test/main/wgs/mouse/mm10_WGS_sample_R1.fastq.gz"
                        ]
                    ]
                ]
            }
        ],
        "meta": {
            "nf-test": "0.8.4",
            "nextflow": "24.10.5"
        },
        "timestamp": "2025-03-12T14:18:28.101214532"
    },
    "Multiple Lanes Paired-End Data": {
        "content": [
            {
                "0": [
                    [
                        "testSample_42",
                        {
                            "sampleID": "testSample_42"
                        },
                        [
                            "testSample_42_R1.fastq.gz:md5,6c3b7e552d974c48660ac0b114200d25",
                            "testSample_42_R2.fastq.gz:md5,9ef301d9527a60d589b9b85072f52e68"
                        ]
                    ]
                ],
                "read_meta_ch": [
                    [
                        "testSample_42",
                        {
                            "sampleID": "testSample_42"
                        },
                        [
                            "testSample_42_R1.fastq.gz:md5,6c3b7e552d974c48660ac0b114200d25",
                            "testSample_42_R2.fastq.gz:md5,9ef301d9527a60d589b9b85072f52e68"
                        ]
                    ]
                ]
            }
        ],
        "meta": {
            "nf-test": "0.8.4",
            "nextflow": "24.10.5"
        },
        "timestamp": "2025-03-12T14:18:43.874722493"
    },
    "Multiple Lanes Single-End Data": {
        "content": [
            {
                "0": [
                    [
                        "testSample_42",
                        {
                            "sampleID": "testSample_42"
                        },
                        [
                            "testSample_42_R1.fastq.gz:md5,a32fd77e38836b9b4ec0eb50818e52e8"
                        ]
                    ]
                ],
                "read_meta_ch": [
                    [
                        "testSample_42",
                        {
                            "sampleID": "testSample_42"
                        },
                        [
                            "testSample_42_R1.fastq.gz:md5,a32fd77e38836b9b4ec0eb50818e52e8"
                        ]
                    ]
                ]
            }
        ],
        "meta": {
            "nf-test": "0.8.4",
            "nextflow": "24.10.5"
        },
        "timestamp": "2025-03-12T14:18:59.683040124"
    },
    "Paired-End Data": {
        "content": [
            {
                "0": [
                    [
                        "testSample_101",
                        {
                            "sampleID": "testSample_101"
                        },
                        [
                            "https://raw.githubusercontent.com/TheJacksonLaboratory/cs-nf-test/main/wgs/human/hg38_WGS_sample_R1.fastq.gz",
                            "https://raw.githubusercontent.com/TheJacksonLaboratory/cs-nf-test/main/wgs/human/hg38_WGS_sample_R2.fastq.gz"
                        ]
                    ],
                    [
                        "testSample_42",
                        {
                            "sampleID": "testSample_42"
                        },
                        [
                            "https://raw.githubusercontent.com/TheJacksonLaboratory/cs-nf-test/main/wgs/mouse/mm10_WGS_sample_R1.fastq.gz",
                            "https://raw.githubusercontent.com/TheJacksonLaboratory/cs-nf-test/main/wgs/mouse/mm10_WGS_sample_R2.fastq.gz"
                        ]
                    ]
                ],
                "read_meta_ch": [
                    [
                        "testSample_101",
                        {
                            "sampleID": "testSample_101"
                        },
                        [
                            "https://raw.githubusercontent.com/TheJacksonLaboratory/cs-nf-test/main/wgs/human/hg38_WGS_sample_R1.fastq.gz",
                            "https://raw.githubusercontent.com/TheJacksonLaboratory/cs-nf-test/main/wgs/human/hg38_WGS_sample_R2.fastq.gz"
                        ]
                    ],
                    [
                        "testSample_42",
                        {
                            "sampleID": "testSample_42"
                        },
                        [
                            "https://raw.githubusercontent.com/TheJacksonLaboratory/cs-nf-test/main/wgs/mouse/mm10_WGS_sample_R1.fastq.gz",
                            "https://raw.githubusercontent.com/TheJacksonLaboratory/cs-nf-test/main/wgs/mouse/mm10_WGS_sample_R2.fastq.gz"
                        ]
                    ]
                ]
            }
        ],
        "meta": {
            "nf-test": "0.8.4",
            "nextflow": "24.10.5"
        },
        "timestamp": "2025-03-12T14:18:17.239226152"
    }
}